
The problem dimension that is the maximum value k_max of k-cells in the PCC:		|		dim = 3
Execution mode:		LIST
Output directory:		../results/
PCC source directory:	../PCC_sources/Voronoi_1k/
PCC standard ID:		pcc1s

ON    | PCC_Subcomplex
OFF    | PCC_Multiphysics
OFF    | PCC_Processing
OFF    | PCC_Kinetics
OFF    | PCC_Characterisation
OFF    | PCC_Design
ON    | PCC_Writer

==========================================================================================================================================================================
0-cells #	6234
1-cells #	12464
2-cells #	7231
3-cells #	1000
_____________________________________________________________________________________
[0] PCCpaths:	../PCC_sources/Voronoi_1k/algebraic/A0.txt
[1] PCCpaths:	../PCC_sources/Voronoi_1k/algebraic/A1.txt
[2] PCCpaths:	../PCC_sources/Voronoi_1k/algebraic/A2.txt
[3] PCCpaths:	../PCC_sources/Voronoi_1k/algebraic/A3.txt
[4] PCCpaths:	../PCC_sources/Voronoi_1k/algebraic/B1.txt
[5] PCCpaths:	../PCC_sources/Voronoi_1k/algebraic/B2.txt
[6] PCCpaths:	../PCC_sources/Voronoi_1k/algebraic/B3.txt
[7] PCCpaths:	../PCC_sources/Voronoi_1k/measures/face_areas.txt
[8] PCCpaths:	../PCC_sources/Voronoi_1k/measures/polyhedron_volumes.txt
[9] PCCpaths:	../PCC_sources/Voronoi_1k/coordinates/polyhedron_seeds.txt
[10] PCCpaths:	../PCC_sources/Voronoi_1k/coordinates/vertex_seeds.txt
[11] PCCpaths:	../PCC_sources/Voronoi_1k/other/face_normals.txt
[12] PCCpaths:	../PCC_sources/Voronoi_1k/coordinates/edge_seeds.txt
[13] PCCpaths:	../PCC_sources/Voronoi_1k/coordinates/face_seeds.txt

 Execution year - 2026; Month - 7; Day - 17; Time - 13:8.

Main execution time before modules is equal to  0.012964  seconds

=======================================================================================================================================================================================================================================
					[	Start of the PCC Processing Design code in the LIST execution mode	]					
--------------------------------------------------------------------------------------------------------------------------------------------------
-------------------------------------------------------------------------
 START of the PCC Subcomplex module 
 pcc_subcomplexes vector size =  1


Subcomplex time is equal to  15.9319  seconds
-------------------------------------------------------
-------------------------------------------------------------------------
START of the PCC Writer module
==============================================================================================================================================================
--------------------------------------------------------------------------------
										[	The end of the PCC Processing Design	]										
================================================================================
Total 3D runtime of the CPD code is equal to  15.9458  seconds
--------------------------------------------------------------------------------
